// Jest Snapshot v1, https://goo.gl/fbAQLP

exports[`should renders correctly 1`] = `
.c0 {
  padding: 0 50px;
  margin-top: 64px;
}

<div
  className="c0 ant-layout-content"
>
   somthing 
</div>
`;
