// Jest Snapshot v1, https://goo.gl/fbAQLP

exports[`should renders correctly 1`] = `
.c0 {
  text-align: center;
}

<div
  className="c0"
>
  somthing
</div>
`;
