// Jest Snapshot v1, https://goo.gl/fbAQLP

exports[`should renders correctly 1`] = `
.c0 {
  background-color: #222;
  height: 150px;
  padding: 20px;
  color: white;
}

.c0 h1,
.c0 h2,
.c0 h3,
.c0 h4,
.c0 h5 {
  color: white;
}

<div
  className="c0"
>
  somthing
</div>
`;
